time=2026-10-04T15:46:40.581+08:00 level=INFO msg="TELEGRAM_BOT_TOKEN/TELEGRAM_CHAT_ID not configured: Telegram disabled, set them on the web dashboard's Settings page"
time=2026-10-04T15:46:40.581+08:00 level=INFO msg="scheduler: sector flow scan (us) registered at 06:10 CST (Tue–Sat)"
time=2026-10-04T15:46:40.581+08:00 level=INFO msg="scheduler: sector flow scan (tw) registered at 14:55 CST (Mon–Fri)"
time=2026-10-04T15:46:40.581+08:00 level=INFO msg="scheduler: daily report registered at 23:30 CST"
time=2026-10-04T15:46:40.581+08:00 level=INFO msg="scheduler: morning briefing registered at 07:00 CST (Tue–Sat)"
time=2026-10-04T15:46:40.581+08:00 level=INFO msg="scheduler: TW daily report registered at 11:30 CST (Mon-Fri)"
time=2026-10-04T15:46:40.581+08:00 level=INFO msg="scheduler: tw morning briefing registered at 08:30 CST (Mon–Fri)"
time=2026-10-04T15:46:40.581+08:00 level=INFO msg="scheduler: closing snapshot registered at 05:30 CST (Tue–Sat)"
time=2026-10-04T15:46:40.581+08:00 level=INFO msg="scheduler: TW closing snapshot registered at 14:30 CST (Mon–Fri)"
time=2026-10-04T15:46:40.581+08:00 level=INFO msg="scheduler: weekly review registered at 09:00 CST (Sun)"
time=2026-10-04T15:46:40.581+08:00 level=INFO msg="scheduler: sinopac sync registered at 14:00 CST (Mon-Fri)"
time=2026-10-04T15:46:40.581+08:00 level=INFO msg="scheduler: monthly report registered at 09:30 CST (1st of month)"
time=2026-10-04T15:46:40.581+08:00 level=INFO msg="scheduler: wealth health report registered at 10:00 CST (1st of month)"
time=2026-10-04T15:46:40.581+08:00 level=INFO msg="scheduler: universe scan registered at 05:45 CST (Tue–Sat)"
time=2026-10-04T15:46:40.581+08:00 level=INFO msg="scheduler: TW universe scan registered at 14:40 CST (Mon-Fri)"
time=2026-10-04T15:46:40.581+08:00 level=INFO msg="scheduler: TW universe refresh registered at 08:30 CST (1st of month)"
time=2026-10-04T15:46:40.581+08:00 level=INFO msg="scheduler: log rotation registered at 00:00 CST"
time=2026-10-04T15:46:40.581+08:00 level=INFO msg="scheduler: backup registered at 06:00 CST"
time=2026-10-04T15:46:40.582+08:00 level=INFO msg="argus server started"
time=2026-10-04T15:46:40.582+08:00 level=INFO msg="scheduler: started"
time=2026-10-04T15:46:40.582+08:00 level=ERROR msg="web: server error: listen tcp 127.0.0.1:8096: bind: address already in use"
time=2026-10-04T15:46:40.582+08:00 level=INFO msg="argus server stopped"
time=2026-10-04T15:47:02.235+08:00 level=INFO msg="TELEGRAM_BOT_TOKEN/TELEGRAM_CHAT_ID not configured: Telegram disabled, set them on the web dashboard's Settings page"
time=2026-10-04T15:47:02.235+08:00 level=INFO msg="scheduler: sector flow scan (us) registered at 06:10 CST (Tue–Sat)"
time=2026-10-04T15:47:02.235+08:00 level=INFO msg="scheduler: sector flow scan (tw) registered at 14:55 CST (Mon–Fri)"
time=2026-10-04T15:47:02.235+08:00 level=INFO msg="scheduler: daily report registered at 23:30 CST"
time=2026-10-04T15:47:02.235+08:00 level=INFO msg="scheduler: morning briefing registered at 07:00 CST (Tue–Sat)"
time=2026-10-04T15:47:02.235+08:00 level=INFO msg="scheduler: TW daily report registered at 11:30 CST (Mon-Fri)"
time=2026-10-04T15:47:02.235+08:00 level=INFO msg="scheduler: tw morning briefing registered at 08:30 CST (Mon–Fri)"
time=2026-10-04T15:47:02.235+08:00 level=INFO msg="scheduler: closing snapshot registered at 05:30 CST (Tue–Sat)"
time=2026-10-04T15:47:02.235+08:00 level=INFO msg="scheduler: TW closing snapshot registered at 14:30 CST (Mon–Fri)"
time=2026-10-04T15:47:02.235+08:00 level=INFO msg="scheduler: weekly review registered at 09:00 CST (Sun)"
time=2026-10-04T15:47:02.235+08:00 level=INFO msg="scheduler: sinopac sync registered at 14:00 CST (Mon-Fri)"
time=2026-10-04T15:47:02.235+08:00 level=INFO msg="scheduler: monthly report registered at 09:30 CST (1st of month)"
time=2026-10-04T15:47:02.235+08:00 level=INFO msg="scheduler: wealth health report registered at 10:00 CST (1st of month)"
time=2026-10-04T15:47:02.235+08:00 level=INFO msg="scheduler: universe scan registered at 05:45 CST (Tue–Sat)"
time=2026-10-04T15:47:02.235+08:00 level=INFO msg="scheduler: TW universe scan registered at 14:40 CST (Mon-Fri)"
time=2026-10-04T15:47:02.235+08:00 level=INFO msg="scheduler: TW universe refresh registered at 08:30 CST (1st of month)"
time=2026-10-04T15:47:02.235+08:00 level=INFO msg="scheduler: log rotation registered at 00:00 CST"
time=2026-10-04T15:47:02.235+08:00 level=INFO msg="scheduler: backup registered at 06:00 CST"
time=2026-10-04T15:47:02.235+08:00 level=INFO msg="argus server started"
time=2026-10-04T15:47:02.236+08:00 level=INFO msg="scheduler: started"
time=2026-10-04T15:47:02.236+08:00 level=INFO msg="web: dashboard listening on 127.0.0.1:8095"
time=2026-10-04T15:51:32.859+08:00 level=INFO msg="TELEGRAM_BOT_TOKEN/TELEGRAM_CHAT_ID not configured: Telegram disabled, set them on the web dashboard's Settings page"
time=2026-10-04T15:51:32.860+08:00 level=INFO msg="scheduler: sector flow scan (us) registered at 06:10 CST (Tue–Sat)"
time=2026-10-04T15:51:32.860+08:00 level=INFO msg="scheduler: sector flow scan (tw) registered at 14:55 CST (Mon–Fri)"
time=2026-10-04T15:51:32.860+08:00 level=INFO msg="scheduler: daily report registered at 23:30 CST"
time=2026-10-04T15:51:32.860+08:00 level=INFO msg="scheduler: morning briefing registered at 07:00 CST (Tue–Sat)"
time=2026-10-04T15:51:32.860+08:00 level=INFO msg="scheduler: TW daily report registered at 11:30 CST (Mon-Fri)"
time=2026-10-04T15:51:32.860+08:00 level=INFO msg="scheduler: tw morning briefing registered at 08:30 CST (Mon–Fri)"
time=2026-10-04T15:51:32.860+08:00 level=INFO msg="scheduler: closing snapshot registered at 05:30 CST (Tue–Sat)"
time=2026-10-04T15:51:32.860+08:00 level=INFO msg="scheduler: TW closing snapshot registered at 14:30 CST (Mon–Fri)"
time=2026-10-04T15:51:32.860+08:00 level=INFO msg="scheduler: weekly review registered at 09:00 CST (Sun)"
time=2026-10-04T15:51:32.860+08:00 level=INFO msg="scheduler: sinopac sync registered at 14:00 CST (Mon-Fri)"
time=2026-10-04T15:51:32.860+08:00 level=INFO msg="scheduler: monthly report registered at 09:30 CST (1st of month)"
time=2026-10-04T15:51:32.860+08:00 level=INFO msg="scheduler: wealth health report registered at 10:00 CST (1st of month)"
time=2026-10-04T15:51:32.860+08:00 level=INFO msg="scheduler: universe scan registered at 05:45 CST (Tue–Sat)"
time=2026-10-04T15:51:32.860+08:00 level=INFO msg="scheduler: TW universe scan registered at 14:40 CST (Mon-Fri)"
time=2026-10-04T15:51:32.860+08:00 level=INFO msg="scheduler: TW universe refresh registered at 08:30 CST (1st of month)"
time=2026-10-04T15:51:32.860+08:00 level=INFO msg="scheduler: log rotation registered at 00:00 CST"
time=2026-10-04T15:51:32.860+08:00 level=INFO msg="scheduler: backup registered at 06:00 CST"
time=2026-10-04T15:51:32.860+08:00 level=INFO msg="argus server started"
time=2026-10-04T15:51:32.860+08:00 level=INFO msg="scheduler: started"
time=2026-10-04T15:51:32.860+08:00 level=INFO msg="web: dashboard listening on 127.0.0.1:8094"
time=2026-10-04T15:51:49.465+08:00 level=INFO msg="argus server stopped"
time=2026-10-04T15:51:49.466+08:00 level=INFO msg="argus server stopped"
